
> cyphersight@1.0.0 build
> vite build

[36mvite v5.4.21 [32mbuilding for production...[36m[39m
transforming...
[32mΓ£ô[39m 1746 modules transformed.
node.exe : [31mx[39m Build failed in 2.97s
At line:1 char:1
+ & "C:\Program Files\nodejs/node.exe" "C:\Program Files\nodejs/node_mo ...
+ ~~~~~~~~~~~~~~~~~~~~~~~~~~~~~~~~~~~~~~~~~~~~~~~~~~~~~~~~~~~~~~~~~~~~~
    + CategoryInfo          : NotSpecified: ([31mx[39m Build failed in 2.97s 
   :String) [], RemoteException
    + FullyQualifiedErrorId : NativeCommandError
 
[31merror during build:
[31msrc/components/Footer.tsx (2:36): "Github" is not exported by 
"node_modules/lucide-react/dist/esm/lucide-react.js", imported by 
"src/components/Footer.tsx".[31m
file: [36mC:/Users/admin/OneDrive/coding/BigDawgs_CypherSight/src/components/F
ooter.tsx:2:36[31m
[33m
1: import { Link } from 'react-router-dom'
2: import { ShieldCheck, ArrowUpRight, Github, Twitter } from 'lucide-react'
                                       ^
3: 
4: export default function Footer() {
[31m
    at getRollupError (file:///C:/Users/admin/OneDrive/coding/BigDawgs_CypherSi
ght/node_modules/rollup/dist/es/shared/parseAst.js:402:41)
    at error (file:///C:/Users/admin/OneDrive/coding/BigDawgs_CypherSight/node_
modules/rollup/dist/es/shared/parseAst.js:398:42)
    at Module.error (file:///C:/Users/admin/OneDrive/coding/BigDawgs_CypherSigh
t/node_modules/rollup/dist/es/shared/node-entry.js:17040:16)
    at Module.traceVariable (file:///C:/Users/admin/OneDrive/coding/BigDawgs_Cy
pherSight/node_modules/rollup/dist/es/shared/node-entry.js:17452:29)
    at ModuleScope.findVariable (file:///C:/Users/admin/OneDrive/coding/BigDawg
s_CypherSight/node_modules/rollup/dist/es/shared/node-entry.js:15070:39)
    at FunctionScope.findVariable (file:///C:/Users/admin/OneDrive/coding/BigDa
wgs_CypherSight/node_modules/rollup/dist/es/shared/node-entry.js:5673:38)
    at FunctionBodyScope.findVariable (file:///C:/Users/admin/OneDrive/coding/B
igDawgs_CypherSight/node_modules/rollup/dist/es/shared/node-entry.js:5673:38)
    at Identifier.bind (file:///C:/Users/admin/OneDrive/coding/BigDawgs_CypherS
ight/node_modules/rollup/dist/es/shared/node-entry.js:5447:40)
    at CallExpression.bind (file:///C:/Users/admin/OneDrive/coding/BigDawgs_Cyp
herSight/node_modules/rollup/dist/es/shared/node-entry.js:2825:28)
    at CallExpression.bind (file:///C:/Users/admin/OneDrive/coding/BigDawgs_Cyp
herSight/node_modules/rollup/dist/es/shared/node-entry.js:12179:15)[39m
